
> abecsa-website@0.0.0 build
> vite build

[36mvite v7.2.6 [32mbuilding client environment for production...[36m[39m
transforming...
[32mΓ£ô[39m 5 modules transformed.
node.exe : 
[31mΓ£ù[39m 
Build failed in 
104ms
At C:\Program Files
\nodejs\npm.ps1:29 
char:3
+   & $NODE_EXE 
$NPM_CLI_JS $args
+   ~~~~~~~~~~~~~~~
~~~~~~~~~~~~~~
    + CategoryInfo 
             : No  
  tSpecified: (   
 [31mΓ£ù[39m B    
uild failed in     
104ms:String)     
[], RemoteExc    
eption
    + FullyQualifi 
   edErrorId : Na  
  tiveCommandErr   
 or
 
[31merror during 
build:
[31m[vite]: 
Rollup failed to 
resolve import 
"react-router-dom" 
from "K:/Abecsa-Ind
ia/abecsa-website/s
rc/App.jsx".
This is most 
likely unintended 
because it can 
break your 
application at 
runtime.
If you do want to 
externalize this 
module explicitly 
add it to
`build.rollupOption
s.external`[31m
    at viteLog (fil
e:///K:/Abecsa-Indi
a/abecsa-website/no
de_modules/vite/dis
t/node/chunks/confi
g.js:33628:57)
    at file:///K:/A
becsa-India/abecsa-
website/node_module
s/vite/dist/node/ch
unks/config.js:3366
2:73
    at onwarn (file
:///K:/Abecsa-India
/abecsa-website/nod
e_modules/@vitejs/p
lugin-react/dist/in
dex.js:76:7)
    at file:///K:/A
becsa-India/abecsa-
website/node_module
s/vite/dist/node/ch
unks/config.js:3366
2:28
    at onRollupLog 
(file:///K:/Abecsa-
India/abecsa-websit
e/node_modules/vite
/dist/node/chunks/c
onfig.js:33657:63)
    at onLog (file:
///K:/Abecsa-India/
abecsa-website/node
_modules/vite/dist/
node/chunks/config.
js:33460:4)
    at file:///K:/A
becsa-India/abecsa-
website/node_module
s/rollup/dist/es/sh
ared/node-entry.js:
20961:32
    at 
Object.logger [as 
onLog] (file:///K:/
Abecsa-India/abecsa
-website/node_modul
es/rollup/dist/es/s
hared/node-entry.js
:22848:9)
    at ModuleLoader
.handleInvalidResol
vedId (file:///K:/A
becsa-India/abecsa-
website/node_module
s/rollup/dist/es/sh
ared/node-entry.js:
21592:26)
    at file:///K:/A
becsa-India/abecsa-
website/node_module
s/rollup/dist/es/sh
ared/node-entry.js:
21550:26[39m
